Component: ARM Compiler 5.06 update 6 (build 750) Tool: armlink [4d35ed]

==============================================================================

Section Cross References

    problem1.o(strcpy) refers to problem1.o(Result) for CharCount
    problem1.o(strcpy) refers to problem1.o(Data) for Table


==============================================================================

Image Symbol Table

    Local Symbols

    Symbol Name                              Value     Ov Type        Size  Object(Section)

    strcpy                                   0x00000000   Section       64  problem1.o(strcpy)
    problem1.s                               0x00000000   Number         0  problem1.o ABSOLUTE
    Data                                     0x00000040   Section       17  problem1.o(Data)
    Table                                    0x00000040   Data           0  problem1.o(Data)
    Table2                                   0x0000004d   Data           0  problem1.o(Data)
    Result                                   0x00000054   Section        1  problem1.o(Result)
    CharCount                                0x00000054   Data           0  problem1.o(Result)

    Global Symbols

    Symbol Name                              Value     Ov Type        Size  Object(Section)

    BuildAttributes$$THM_ISAv2$ARM_ISAv5$E$P$S$PE$A:L22$X:L11$S22$IEEE1$IW$USESV6$~STKCKD$USESV7$~SHL$OSPACE$EBA8$STANDARDLIB$PRES8$EABIv2 0x00000000   Number         0  anon$$obj.o ABSOLUTE



==============================================================================

Memory Map of the image

  Image Entry point : 0x00000000

  Load Region LR_1 (Base: 0x00000000, Size: 0x00000058, Max: 0xffffffff, ABSOLUTE)

    Execution Region ER_RO (Exec base: 0x00000000, Load base: 0x00000000, Size: 0x00000040, Max: 0xffffffff, ABSOLUTE)

    Exec Addr    Load Addr    Size         Type   Attr      Idx    E Section Name        Object

    0x00000000   0x00000000   0x00000040   Code   RO            1  * strcpy              problem1.o


    Execution Region ER_RW (Exec base: 0x00000040, Load base: 0x00000040, Size: 0x00000018, Max: 0xffffffff, ABSOLUTE)

    Exec Addr    Load Addr    Size         Type   Attr      Idx    E Section Name        Object

    0x00000040   0x00000040   0x00000011   Data   RW            2    Data                problem1.o
    0x00000051   0x00000051   0x00000003   PAD
    0x00000054   0x00000054   0x00000001   Data   RW            3    Result              problem1.o


    Execution Region ER_ZI (Exec base: 0x00000058, Load base: 0x00000058, Size: 0x00000000, Max: 0xffffffff, ABSOLUTE)

    **** No section assigned to this execution region ****


==============================================================================

Image component sizes


      Code (inc. data)   RO Data    RW Data    ZI Data      Debug   Object Name

        64         12          0         18          0        248   problem1.o

    ----------------------------------------------------------------------
        64         12          0         24          0        248   Object Totals
         0          0          0          0          0          0   (incl. Generated)
         0          0          0          6          0          0   (incl. Padding)

    ----------------------------------------------------------------------
         0          0          0          0          0          0   Library Totals
         0          0          0          0          0          0   (incl. Padding)

    ----------------------------------------------------------------------

==============================================================================


      Code (inc. data)   RO Data    RW Data    ZI Data      Debug   

        64         12          0         24          0        248   Grand Totals
        64         12          0         24          0        248   ELF Image Totals
        64         12          0         24          0          0   ROM Totals

==============================================================================

    Total RO  Size (Code + RO Data)                   64 (   0.06kB)
    Total RW  Size (RW Data + ZI Data)                24 (   0.02kB)
    Total ROM Size (Code + RO Data + RW Data)         88 (   0.09kB)

==============================================================================

